{
  "timestamp": "2025-11-12 17:55:25.881391",
  "device_info": {
    "serial_number": "ACYAP1QwUBcgOTNO",
    "model": "0",
    "git_hash": "863c597794066fa77c94828c0d2eb49614d5ebb0",
    "git_dirty": false,
    "git_timestamp": 1718648350,
    "uuid": "bc7f1de7-b47d-4058-964d-eb6296611879"
  },
  "calibration": {
    "invert": false,
    "phase_invert": true,
    "poles": 14,
    "offset": [
      -0.18860199415161782,
      -0.31139976218500987,
      -0.18740009873654886,
      -0.18693695433937632,
      -0.32227267413584093,
      -0.225734849248739,
      -0.18652343289555368,
      -0.2340206834385281,
      -0.23380588680849446,
      -0.19203112609685277,
      -0.3387537169990093,
      -0.228918673639151,
      -0.14818816186558853,
      -0.33526997234797684,
      -0.28475383709870267,
      -0.21992852516404154,
      -0.23542025102156927,
      -0.251273951615346,
      -0.2179279856706524,
      -0.3507046739529028,
      -0.33744135549055077,
      -0.1553795760274277,
      -0.3300359698252381,
      -0.30023575408042996,
      -0.2369328771542156,
      -0.2578417415916278,
      -0.2634026846739687,
      -0.18630264277735503,
      -0.3019550892510344,
      -0.3543673267348389,
      -0.16255257374822685,
      -0.3081309813797503,
      -0.28288709246620186,
      -0.21120869981647244,
      -0.2133566983102677,
      -0.2521536938743811,
      -0.1692077131821129,
      -0.20751829747744735,
      -0.307800030559156,
      -0.09981443217740701,
      -0.24044377953715862,
      -0.23808110052525613,
      -0.16326079514905628,
      -0.1337570184249107,
      -0.15310540542094656,
      -0.13210844699686822,
      -0.18336648395840405,
      -0.26604576819814396,
      -0.04025276172737238,
      -0.179523673260682,
      -0.22302963293552253,
      -0.15453509325236275,
      -0.14446730921617426,
      -0.1472345055283256,
      -0.1097261994110392,
      -0.1493461379525608,
      -0.3087149727499555,
      -0.08694879089212762,
      -0.16833408404696498,
      -0.23138129401132088,
      -0.17184092131781878,
      -0.17923242031416645,
      -0.21632964781194827,
      -0.18509486563264316
    ],
    "fit_metric": 16.634466895237416,
    "current_quality_factor": 88.85837850651643
  },
  "winding_resistance": 0.057485387034196034,
  "inductance": 3.1783283995369204e-05,
  "pid_dq_kp": 0.03994005260272398,
  "pid_dq_ki": 72.23826783815849,
  "torque_bw_hz": 200.0,
  "encoder_filter_bw_hz": 200.0,
  "encoder_filter_kp": 1013.4169850289654,
  "encoder_filter_ki": 256753.49638629958,
  "kv": 284.9528137219197,
  "unwrapped_position_scale": 1.0,
  "motor_position_output_sign": 1.0,
  "abi_version": 264,
  "voltage_mode_control": false,
  "py_version": "0.3.96"
}
